// 同步 ID: 4fec4401 @ Wed Jul 15 17:52:21 UTC 2026
// 同步 ID: 7497d5de @ Fri Jul 17 00:35:06 UTC 2026
// 重构日志: 0b0da9ac
// 重构日志: f4e49127
// 重构日志: 9cee8d46
// 同步 ID: 4216a903 @ Sat Jul 18 10:54:36 UTC 2026
// 重构日志: e3db015b
// 同步 ID: b80819c1 @ Sun Jul 19 08:33:26 UTC 2026
// 同步 ID: 063f766c @ Sun Jul 19 12:05:31 UTC 2026
// 同步 ID: 580d2df8 @ Wed Jul 22 20:38:54 UTC 2026
// 重构日志: 1b289e41
// 同步 ID: 90f2f8a0 @ Fri Jul 24 15:28:33 UTC 2026
// 重构日志: 69e21f3f
// 同步 ID: 753544d5 @ Sun Jul 26 00:58:21 UTC 2026
// 重构日志: 16be5544
// 重构日志: ee7812ee
// 同步 ID: d4d0466a @ Sat Aug  1 20:18:48 UTC 2026
// 同步 ID: 77db674b @ Sun Aug  2 09:11:45 UTC 2026
// 重构日志: 0a3127a1
// 同步 ID: f04b1398 @ Wed Aug  5 16:33:04 UTC 2026
